main.c:40:6:clear7SEG	8	static
main.c:49:6:display7SEG	16	static
main.c:146:6:writeEn	16	static
main.c:183:6:update7SEG	16	static
main.c:207:6:updateClockBuffer	16	static
main.c:220:6:displayLEDMatrix	80	static
main.c:265:6:updateLEDMatrix	16	static
main.c:297:6:initState	8	static
main.c:310:5:main	56	static
main.c:401:6:SystemClock_Config	72	static
main.c:437:13:MX_TIM2_Init	32	static
main.c:479:13:MX_GPIO_Init	32	static
main.c:528:6:HAL_TIM_PeriodElapsedCallback	16	static
main.c:537:6:Error_Handler	4	static
