main.c:40:6:clear7SEG	8	static
main.c:49:6:display7SEG	16	static
main.c:146:6:writeEn	16	static
main.c:183:6:update7SEG	16	static
main.c:207:6:updateClockBuffer	16	static
main.c:220:6:displayLEDMatrix	80	static
main.c:321:6:updateLEDMatrix	16	static
main.c:369:6:initState	8	static
main.c:382:5:main	56	static
main.c:474:6:SystemClock_Config	72	static
main.c:510:13:MX_TIM2_Init	32	static
main.c:552:13:MX_GPIO_Init	32	static
main.c:601:6:HAL_TIM_PeriodElapsedCallback	16	static
main.c:610:6:Error_Handler	4	static
